FrozenError: can't modify frozen Array: [1, 2]
FrozenError: can't modify frozen Array: [1.5]
FrozenError: can't modify frozen Array: ["a", "b"]
FrozenError: can't modify frozen Array: [1, "x", :y]
FrozenError: can't modify frozen Array: [1, "x"]
no error
[]
FrozenError: can't modify frozen Array: [7]
FrozenError: can't modify frozen Array: [7]
FrozenError: can't modify frozen Array: [1]
FrozenError: can't modify frozen Array: ["q"]
FrozenError: can't modify frozen Array: [1, 2, 3]
FrozenError: can't modify frozen String: "abc"
FrozenError: can't modify frozen String: "abc"
FrozenError: can't modify frozen String: "abc"
FrozenError: can't modify frozen String: "abc"
"abcx"
FrozenError: can't modify frozen Hash: {}
FrozenError: can't modify frozen Hash: {a: 1}
FrozenError: can't modify frozen Hash: {"a" => 2}
FrozenError: can't modify frozen Hash: {b: 3}
no error
FrozenError: can't modify frozen Hash: {a: 1, b: 2}
FrozenError: can't modify frozen Hash: {"k" => "v"}
FrozenError: can't modify frozen Hash: {1 => 2}
FrozenError: can't modify frozen Hash: {"n" => 5}
0
true
true
true
